E:\Cours S3(IDSIT)\Projet intégré S3\projet_jee_maven\projet_jee\src\main\java\gestion\article\DeleteArticle.java
E:\Cours S3(IDSIT)\Projet intégré S3\projet_jee_maven\projet_jee\src\main\java\dao\connection\DaoAdmin.java
E:\Cours S3(IDSIT)\Projet intégré S3\projet_jee_maven\projet_jee\src\main\java\main\servlets\Logout.java
E:\Cours S3(IDSIT)\Projet intégré S3\projet_jee_maven\projet_jee\src\main\java\javaBeans\CommentBean.java
E:\Cours S3(IDSIT)\Projet intégré S3\projet_jee_maven\projet_jee\src\main\java\gestion\article\DisplayPersoArt.java
E:\Cours S3(IDSIT)\Projet intégré S3\projet_jee_maven\projet_jee\src\main\java\main\servlets\DisplayAdmDashboard.java
E:\Cours S3(IDSIT)\Projet intégré S3\projet_jee_maven\projet_jee\src\main\java\main\servlets\RegisLec.java
E:\Cours S3(IDSIT)\Projet intégré S3\projet_jee_maven\projet_jee\src\main\java\dao\connection\DaoAuteur.java
E:\Cours S3(IDSIT)\Projet intégré S3\projet_jee_maven\projet_jee\src\main\java\gestion\auteur\DeleteAuteur.java
E:\Cours S3(IDSIT)\Projet intégré S3\projet_jee_maven\projet_jee\src\main\java\dao\connection\DaoClient.java
E:\Cours S3(IDSIT)\Projet intégré S3\projet_jee_maven\projet_jee\src\main\java\gestion\client\AddClient.java
E:\Cours S3(IDSIT)\Projet intégré S3\projet_jee_maven\projet_jee\src\main\java\gestion\article\DeletePersoArticle.java
E:\Cours S3(IDSIT)\Projet intégré S3\projet_jee_maven\projet_jee\src\main\java\gestion\article\Resultat.java
E:\Cours S3(IDSIT)\Projet intégré S3\projet_jee_maven\projet_jee\src\main\java\javaBeans\ArticleBean.java
E:\Cours S3(IDSIT)\Projet intégré S3\projet_jee_maven\projet_jee\src\main\java\gestion\article\DisplayArticle.java
E:\Cours S3(IDSIT)\Projet intégré S3\projet_jee_maven\projet_jee\src\main\java\javaBeans\AdminBean.java
E:\Cours S3(IDSIT)\Projet intégré S3\projet_jee_maven\projet_jee\src\main\java\gestion\commentaire\PostComment.java
E:\Cours S3(IDSIT)\Projet intégré S3\projet_jee_maven\projet_jee\src\main\java\dao\connection\DaoComment.java
E:\Cours S3(IDSIT)\Projet intégré S3\projet_jee_maven\projet_jee\src\main\java\gestion\article\DisplayArticles.java
E:\Cours S3(IDSIT)\Projet intégré S3\projet_jee_maven\projet_jee\src\main\java\gestion\article\PostArticle.java
E:\Cours S3(IDSIT)\Projet intégré S3\projet_jee_maven\projet_jee\src\main\java\gestion\commentaire\ResultCom.java
E:\Cours S3(IDSIT)\Projet intégré S3\projet_jee_maven\projet_jee\src\main\java\gestion\auteur\DisplayAuteurs.java
E:\Cours S3(IDSIT)\Projet intégré S3\projet_jee_maven\projet_jee\src\main\java\main\servlets\OneForAll.java
E:\Cours S3(IDSIT)\Projet intégré S3\projet_jee_maven\projet_jee\src\main\java\gestion\client\DisplayClients.java
E:\Cours S3(IDSIT)\Projet intégré S3\projet_jee_maven\projet_jee\src\main\java\main\servlets\Tester.java
E:\Cours S3(IDSIT)\Projet intégré S3\projet_jee_maven\projet_jee\src\main\java\javaBeans\AuteurBean.java
E:\Cours S3(IDSIT)\Projet intégré S3\projet_jee_maven\projet_jee\src\main\java\gestion\article\DisplayNewArtForm.java
E:\Cours S3(IDSIT)\Projet intégré S3\projet_jee_maven\projet_jee\src\main\java\dao\connection\DaoConnection.java
E:\Cours S3(IDSIT)\Projet intégré S3\projet_jee_maven\projet_jee\src\main\java\gestion\client\DeleteClient.java
E:\Cours S3(IDSIT)\Projet intégré S3\projet_jee_maven\projet_jee\src\main\java\dao\connection\DaoArticle.java
E:\Cours S3(IDSIT)\Projet intégré S3\projet_jee_maven\projet_jee\src\main\java\javaBeans\Client.java
E:\Cours S3(IDSIT)\Projet intégré S3\projet_jee_maven\projet_jee\src\main\java\main\servlets\Login.java
E:\Cours S3(IDSIT)\Projet intégré S3\projet_jee_maven\projet_jee\src\main\java\gestion\article\UpdateArticle.java
